ASxxxx Assembler V02.00 + NoICE + SDCC mods  (Zilog Z80 / Hitachi HD64180 / ZX-Next / eZ80), page 1.
Hexadecimal [24-Bits]



                                      1 .z80
                                      2 .area TEST(ABS)
                                      3 
      000000                          4 .org	0x0000
      000000                          5 start:
      000000 3E 0F            [ 7]    6   ld a,#0b00001111 ; PIOモード0
      000002 D3 1D            [11]    7   out (0x1d),a
      000004 C3 00 01         [10]    8   jp main
                                      9 
                                     10 ; http://www.apony.com/elec/elec10/elec10.html
                                     11 
      000100                         12 .org	0x100
      000100                         13 main:
      000100 3E 00            [ 7]   14   ld a,#0x00
      000102 D3 1C            [11]   15   out (0x1c),a
      000104 3E 01            [ 7]   16   ld a,#0x01
      000106 D3 1C            [11]   17   out (0x1c),a
      000108 C3 00 01         [10]   18   jp main
